Microchip MPLAB XC8 Compiler V3.00

Linker command line:

-W-3 \
  --edf=C:\Program Files\Microchip\xc8\v3.00\pic\dat\20241204225717_en.msgs \
  -cn -h+dist/default/production\pwm_to_adc.X.production.sym \
  --cmf=dist/default/production\pwm_to_adc.X.production.cmf -z -Q16F877A \
  -oC:\Users\BIANCA~1.R\AppData\Local\Temp\xcAskb8.\driver_tmp_3.o \
  --defsym=__MPLAB_BUILD=1 --fixupoverflow=error \
  -Mdist/default/production/pwm_to_adc.X.production.map \
  --md=C:\Users\BIANCA~1.R\AppData\Local\Temp\xcAskb8.\driver_tmp_0.dat -E1 \
  -ver=XC8 Compiler -ACODE=00h-07FFhx4 -ASTRCODE=00h-01FFFh \
  -ASTRING=00h-0FFhx32 -ACONST=00h-0FFhx32 -AENTRY=00h-0FFhx32 \
  -ACOMMON=070h-07Fh -ABANK0=020h-06Fh -ABANK1=0A0h-0EFh \
  -ABANK2=0110h-016Fh -ABANK3=0190h-01EFh \
  -ARAM=020h-06Fh,0A0h-0EFh,0110h-016Fh,0190h-01EFh \
  -AABS1=020h-07Fh,0A0h-0EFh,0110h-016Fh,0190h-01EFh -ASFR0=00h-01Fh \
  -ASFR1=080h-09Fh -ASFR2=0100h-010Fh -ASFR3=0180h-018Fh \
  -ACONFIG=02007h-02007h -DCONFIG=2 -AIDLOC=02000h-02003h -DIDLOC=2 \
  -AEEDATA=00h-0FFh/02100h -peeprom_data=EEDATA -DEEDATA=2 -DCODE=2 \
  -DSTRCODE=2 -DSTRING=2 -DCONST=2 -DENTRY=2 \
  -preset_vec=00h,intentry,sivt,init,end_init -ppowerup=CODE -pcinit=CODE \
  -pfunctab=ENTRY -k \
  C:\Users\BIANCA~1.R\AppData\Local\Temp\xcAskb8.\driver_tmp_12.o \
  dist/default/production\pwm_to_adc.X.production.o 

Object code version is 3.11

Machine type is 16F877A



                Name                               Link     Load   Length Selector   Space Scale
C:\Users\BIANCA~1.R\AppData\Local\Temp\xcAskb8.\driver_tmp_12.o
                end_init                              0        0        3        0       0
                config                             2007     2007        1        0       4
dist/default/production\pwm_to_adc.X.production.o
                cinit                               7F2      7F2        E      FE4       0
                config                             2007     2007        1        0       4
                text10                              648      648       46      C90       0
                text9                               597      597       12      B2E       0
                text8                               5BB      5BB       13      B76       0
                text7                               68E      68E       6B      D1C       0
                text6                               578      578        F      AF0       0
                text5                               587      587       10      B0E       0
                text4                               606      606       42      C0C       0
                text3                               5CE      5CE       38      B9C       0
                text2                               5A9      5A9       12      B52       0
                text1                               6F9      6F9       78      DF2       0
                maintext                            771      771       81      EE2       0
                cstackBANK0                          28       28        4       20       1
                cstackCOMMON                         70       70        D       70       1
                bssBANK0                             20       20        8       20       1

TOTAL           Name                               Link     Load   Length     Space
        CLASS   CODE           
                end_init                              0        0        3         0
                cinit                               7F2      7F2        E         0
                text10                              648      648       46         0
                text9                               597      597       12         0
                text8                               5BB      5BB       13         0
                text7                               68E      68E       6B         0
                text6                               578      578        F         0
                text5                               587      587       10         0
                text4                               606      606       42         0
                text3                               5CE      5CE       38         0
                text2                               5A9      5A9       12         0
                text1                               6F9      6F9       78         0
                maintext                            771      771       81         0

        CLASS   STRCODE        

        CLASS   STRING         

        CLASS   CONST          

        CLASS   ENTRY          

        CLASS   COMMON         
                cstackCOMMON                         70       70        D         1

        CLASS   BANK0          
                cstackBANK0                          28       28        4         1
                bssBANK0                             20       20        8         1

        CLASS   BANK1          

        CLASS   BANK2          

        CLASS   BANK3          

        CLASS   RAM            

        CLASS   ABS1           
                abs_s1                               7E       7E        2         1

        CLASS   SFR0           

        CLASS   SFR1           

        CLASS   SFR2           

        CLASS   SFR3           

        CLASS   CONFIG         
                config                             2007     2007        1         4

        CLASS   IDLOC          

        CLASS   EEDATA         

        CLASS   HEAP           

        CLASS   STACK          



SEGMENTS        Name                           Load    Length   Top    Selector   Space  Class     Delta

                reset_vec                      000000  000003  000003         0       0  CODE        2
                bssBANK0                       000020  00000C  00002C        20       1  BANK0       1
                cstackCOMMON                   000070  00000D  00007D        70       1  COMMON      1
                text6                          000578  00000F  000587       AF0       0  CODE        2
                text5                          000587  000010  000597       B0E       0  CODE        2
                text9                          000597  000012  0005A9       B2E       0  CODE        2
                text2                          0005A9  000012  0005BB       B52       0  CODE        2
                text8                          0005BB  000013  0005CE       B76       0  CODE        2
                text3                          0005CE  000038  000606       B9C       0  CODE        2
                text4                          000606  000042  000648       C0C       0  CODE        2
                text10                         000648  000046  00068E       C90       0  CODE        2
                text7                          00068E  00006B  0006F9       D1C       0  CODE        2
                text1                          0006F9  000078  000771       DF2       0  CODE        2
                maintext                       000771  000081  0007F2       EE2       0  CODE        2
                cinit                          0007F2  00000E  000800       FE4       0  CODE        2


UNUSED ADDRESS RANGES

        Name                Unused          Largest block    Delta
        BANK0            002C-006F             44           1
        BANK1            00A0-00EF             50           1
        BANK2            0110-016F             60           1
        BANK3            0190-01EF             60           1
        CODE             0003-0577            575           2
                         0800-1FFF            800
        COMMON           007D-007D              1           1
        CONST            0003-0577            100           2
                         0800-1FFF            100
        EEDATA           2100-21FF            100           2
        ENTRY            0003-0577            100           2
                         0800-1FFF            100
        IDLOC            2000-2003              4           2
        RAM              002C-006F             44           1
                         00A0-00EF             50
                         0110-016F             60
                         0190-01EF             60
        SFR0             0000-001F             20           1
        SFR1             0080-009F             20           1
        SFR2             0100-010F             10           1
        SFR3             0180-018F             10           1
        STRCODE          0003-0577            575           2
                         0800-1FFF           1800
        STRING           0003-0577            100           2
                         0800-1FFF            100

                                  Symbol Table

?___lmul                    cstackCOMMON 0070
?___lwdiv                   cstackCOMMON 0070
?___lwmod                   cstackCOMMON 0070
_ADCON0                     (abs)        001F
_ADCON1                     (abs)        009F
_ADRESH                     (abs)        001E
_ADRESL                     (abs)        009E
_CCP1CON                    (abs)        0017
_CCPR1L                     (abs)        0015
_PORTB                      (abs)        0006
_PORTD                      (abs)        0008
_PR2                        (abs)        0092
_T2CON                      (abs)        0012
_TRISB                      (abs)        0086
_TRISC                      (abs)        0087
_TRISD                      (abs)        0088
__H__absolute__             __absolute__ 0000
__Habs1                     abs1         0000
__Hbank0                    bank0        0000
__Hbank1                    bank1        0000
__Hbank2                    bank2        0000
__Hbank3                    bank3        0000
__HbssBANK0                 bssBANK0     0000
__Hcinit                    cinit        0800
__Hclrtext                  clrtext      0000
__Hcode                     code         0000
__Hcommon                   common       0000
__Hconfig                   config       2008
__HcstackBANK0              cstackBANK0  0000
__HcstackCOMMON             cstackCOMMON 0000
__Heeprom_data              eeprom_data  0000
__Hend_init                 end_init     0003
__Hfunctab                  functab      0000
__Hheap                     heap         0000
__Hinit                     init         0000
__Hintentry                 intentry     0000
__Hmaintext                 maintext     0000
__Hpowerup                  powerup      0000
__Hram                      ram          0000
__Hreset_vec                reset_vec    0000
__Hsfr0                     sfr0         0000
__Hsfr1                     sfr1         0000
__Hsfr2                     sfr2         0000
__Hsfr3                     sfr3         0000
__Hsivt                     sivt         0000
__Hspace_0                  (abs)        0800
__Hspace_1                  (abs)        007D
__Hspace_2                  (abs)        0000
__Hspace_3                  (abs)        0000
__Hspace_4                  (abs)        400F
__Hstack                    stack        0000
__Hstrings                  strings      0000
__Htext                     text         0000
__L__absolute__             __absolute__ 0000
__Labs1                     abs1         0000
__Lbank0                    bank0        0000
__Lbank1                    bank1        0000
__Lbank2                    bank2        0000
__Lbank3                    bank3        0000
__LbssBANK0                 bssBANK0     0000
__Lcinit                    cinit        07F2
__Lclrtext                  clrtext      0000
__Lcode                     code         0000
__Lcommon                   common       0000
__Lconfig                   config       0000
__LcstackBANK0              cstackBANK0  0000
__LcstackCOMMON             cstackCOMMON 0000
__Leeprom_data              eeprom_data  0000
__Lend_init                 end_init     0000
__Lfunctab                  functab      0000
__Lheap                     heap         0000
__Linit                     init         0000
__Lintentry                 intentry     0000
__Lmaintext                 maintext     0000
__Lpowerup                  powerup      0000
__Lram                      ram          0000
__Lreset_vec                reset_vec    0000
__Lsfr0                     sfr0         0000
__Lsfr1                     sfr1         0000
__Lsfr2                     sfr2         0000
__Lsfr3                     sfr3         0000
__Lsivt                     sivt         0000
__Lspace_0                  (abs)        0000
__Lspace_1                  (abs)        0000
__Lspace_2                  (abs)        0000
__Lspace_3                  (abs)        0000
__Lspace_4                  (abs)        0000
__Lstack                    stack        0000
__Lstrings                  strings      0000
__Ltext                     text         0000
__S0                        (abs)        0800
__S1                        (abs)        007D
__S3                        (abs)        0000
___heap_hi                  (abs)        0000
___heap_lo                  (abs)        0000
___int_sp                   stack        0000
___int_stack_hi             stack        0000
___int_stack_lo             stack        0000
___latbits                  (abs)        0002
___lmul                     text10       0648
___lmul@multiplicand        cstackCOMMON 0074
___lmul@multiplier          cstackCOMMON 0070
___lmul@product             cstackCOMMON 0079
___lwdiv                    text4        0606
___lwdiv@counter            cstackCOMMON 0076
___lwdiv@dividend           cstackCOMMON 0072
___lwdiv@divisor            cstackCOMMON 0070
___lwdiv@quotient           cstackCOMMON 0074
___lwmod                    text3        05CE
___lwmod@counter            cstackCOMMON 0074
___lwmod@dividend           cstackCOMMON 0072
___lwmod@divisor            cstackCOMMON 0070
___sp                       stack        0000
___stack_hi                 stack        0000
___stack_lo                 stack        0000
___stackhi                  (abs)        0000
___stacklo                  (abs)        0000
__end_of___lmul             text10       068E
__end_of___lwdiv            text4        0648
__end_of___lwmod            text3        0606
__end_of__initialization    cinit        07FC
__end_of_adc_init           text9        05A9
__end_of_adc_lcd_init       text5        0597
__end_of_lcd_command        text8        05CE
__end_of_lcd_data           text2        05BB
__end_of_lcd_init           text7        06F9
__end_of_lcd_number_convert text1        0771
__end_of_main               maintext     07F2
__end_of_pwm_init           text6        0587
__initialization            cinit        07F2
__pbssBANK0                 bssBANK0     0020
__pcstackBANK0              cstackBANK0  0028
__pcstackCOMMON             cstackCOMMON 0070
__pmaintext                 maintext     0771
__ptext1                    text1        06F9
__ptext10                   text10       0648
__ptext2                    text2        05A9
__ptext3                    text3        05CE
__ptext4                    text4        0606
__ptext5                    text5        0587
__ptext6                    text6        0578
__ptext7                    text7        068E
__ptext8                    text8        05BB
__ptext9                    text9        0597
_adc_calibrated_data        bssBANK0     0020
_adc_high                   bssBANK0     0026
_adc_init                   text9        0597
_adc_lcd_init               text5        0587
_adc_low                    bssBANK0     0024
_adc_volt                   bssBANK0     0022
_lcd_command                text8        05BB
_lcd_data                   text2        05A9
_lcd_init                   text7        068E
_lcd_number_convert         text1        06F9
_main                       maintext     0771
_pwm_init                   text6        0578
btemp                       (abs)        007E
end_of_initialization       cinit        07FC
intlevel0                   functab      0000
intlevel1                   functab      0000
intlevel2                   functab      0000
intlevel3                   functab      0000
intlevel4                   functab      0000
intlevel5                   functab      0000
lcd_command@i               cstackCOMMON 0072
lcd_data@i                  cstackCOMMON 0072
lcd_number_convert@digits   cstackCOMMON 0079
lcd_number_convert@num      cstackCOMMON 0077
reset_vec                   reset_vec    0000
start                       init         0000
start_initialization        cinit        07F2
wtemp0                      (abs)        007E


MODULE INFORMATION

Module		Function		Class		Link	Load	Size
pwm_drivers.c
		_pwm_init      		CODE           	0578	0000	15

pwm_drivers.c estimated size: 15

adc_drivers.c
		_adc_init      		CODE           	0597	0000	18

adc_drivers.c estimated size: 18

C:\Program Files\Microchip\xc8\v3.00\pic\sources\c99\common\lwmod.c
		___lwmod       		CODE           	05CE	0000	56

C:\Program Files\Microchip\xc8\v3.00\pic\sources\c99\common\lwmod.c estimated size: 56

C:\Program Files\Microchip\xc8\v3.00\pic\sources\c99\common\Umul32.c
		___lmul        		CODE           	0648	0000	70

C:\Program Files\Microchip\xc8\v3.00\pic\sources\c99\common\Umul32.c estimated size: 70

shared
		__initialization		CODE           	07F2	0000	10

shared estimated size: 10

lcd_drivers.c
		_lcd_command   		CODE           	05BB	0000	19
		_lcd_data      		CODE           	05A9	0000	18
		_lcd_number_convert		CODE           	06F9	0000	120
		_lcd_init      		CODE           	068E	0000	107

lcd_drivers.c estimated size: 264

C:\Program Files\Microchip\xc8\v3.00\pic\sources\c99\common\lwdiv.c
		___lwdiv       		CODE           	0606	0000	66

C:\Program Files\Microchip\xc8\v3.00\pic\sources\c99\common\lwdiv.c estimated size: 66

main.c
		_adc_lcd_init  		CODE           	0587	0000	16
		_main          		CODE           	0771	0000	129

main.c estimated size: 145

